Archive member included to satisfy reference by file (symbol)

e:/devtools/armtoolchain/10 2021.10/bin/../lib/gcc/arm-none-eabi/10.3.1/../../../../arm-none-eabi/lib/thumb/v7-m/nofp\libc_nano.a(lib_a-exit.o)
                              e:/devtools/armtoolchain/10 2021.10/bin/../lib/gcc/arm-none-eabi/10.3.1/../../../../arm-none-eabi/lib/thumb/v7-m/nofp/crt0.o (exit)
e:/devtools/armtoolchain/10 2021.10/bin/../lib/gcc/arm-none-eabi/10.3.1/../../../../arm-none-eabi/lib/thumb/v7-m/nofp\libc_nano.a(lib_a-impure.o)
                              e:/devtools/armtoolchain/10 2021.10/bin/../lib/gcc/arm-none-eabi/10.3.1/../../../../arm-none-eabi/lib/thumb/v7-m/nofp\libc_nano.a(lib_a-exit.o) (_global_impure_ptr)
e:/devtools/armtoolchain/10 2021.10/bin/../lib/gcc/arm-none-eabi/10.3.1/../../../../arm-none-eabi/lib/thumb/v7-m/nofp\libc_nano.a(lib_a-init.o)
                              e:/devtools/armtoolchain/10 2021.10/bin/../lib/gcc/arm-none-eabi/10.3.1/../../../../arm-none-eabi/lib/thumb/v7-m/nofp/crt0.o (__libc_init_array)
e:/devtools/armtoolchain/10 2021.10/bin/../lib/gcc/arm-none-eabi/10.3.1/../../../../arm-none-eabi/lib/thumb/v7-m/nofp\libc_nano.a(lib_a-memcpy-stub.o)
                              build/SEGGER_RTT.o (memcpy)
e:/devtools/armtoolchain/10 2021.10/bin/../lib/gcc/arm-none-eabi/10.3.1/../../../../arm-none-eabi/lib/thumb/v7-m/nofp\libc_nano.a(lib_a-memset.o)
                              e:/devtools/armtoolchain/10 2021.10/bin/../lib/gcc/arm-none-eabi/10.3.1/../../../../arm-none-eabi/lib/thumb/v7-m/nofp/crt0.o (memset)
e:/devtools/armtoolchain/10 2021.10/bin/../lib/gcc/arm-none-eabi/10.3.1/../../../../arm-none-eabi/lib/thumb/v7-m/nofp\libc_nano.a(lib_a-strlen.o)
                              build/SEGGER_RTT.o (strlen)
e:/devtools/armtoolchain/10 2021.10/bin/../lib/gcc/arm-none-eabi/10.3.1/../../../../arm-none-eabi/lib/thumb/v7-m/nofp\libnosys.a(_exit.o)
                              e:/devtools/armtoolchain/10 2021.10/bin/../lib/gcc/arm-none-eabi/10.3.1/../../../../arm-none-eabi/lib/thumb/v7-m/nofp\libc_nano.a(lib_a-exit.o) (_exit)
e:/devtools/armtoolchain/10 2021.10/bin/../lib/gcc/arm-none-eabi/10.3.1/thumb/v7-m/nofp\libgcc.a(_arm_mulsf3.o)
                              build/pid.o (__aeabi_fmul)
e:/devtools/armtoolchain/10 2021.10/bin/../lib/gcc/arm-none-eabi/10.3.1/thumb/v7-m/nofp\libgcc.a(_arm_addsubsf3.o)
                              build/pid.o (__aeabi_fsub)
e:/devtools/armtoolchain/10 2021.10/bin/../lib/gcc/arm-none-eabi/10.3.1/thumb/v7-m/nofp\libgcc.a(_arm_cmpsf2.o)
                              build/pid.o (__aeabi_fcmplt)
e:/devtools/armtoolchain/10 2021.10/bin/../lib/gcc/arm-none-eabi/10.3.1/thumb/v7-m/nofp\libgcc.a(_arm_fixsfsi.o)
                              build/tim.o (__aeabi_f2iz)

Discarded input sections

 .text          0x00000000        0x0 e:/devtools/armtoolchain/10 2021.10/bin/../lib/gcc/arm-none-eabi/10.3.1/thumb/v7-m/nofp/crti.o
 .data          0x00000000        0x0 e:/devtools/armtoolchain/10 2021.10/bin/../lib/gcc/arm-none-eabi/10.3.1/thumb/v7-m/nofp/crti.o
 .bss           0x00000000        0x0 e:/devtools/armtoolchain/10 2021.10/bin/../lib/gcc/arm-none-eabi/10.3.1/thumb/v7-m/nofp/crti.o
 .data          0x00000000        0x4 e:/devtools/armtoolchain/10 2021.10/bin/../lib/gcc/arm-none-eabi/10.3.1/thumb/v7-m/nofp/crtbegin.o
 .rodata        0x00000000       0x24 e:/devtools/armtoolchain/10 2021.10/bin/../lib/gcc/arm-none-eabi/10.3.1/thumb/v7-m/nofp/crtbegin.o
 .text          0x00000000       0x7c e:/devtools/armtoolchain/10 2021.10/bin/../lib/gcc/arm-none-eabi/10.3.1/../../../../arm-none-eabi/lib/thumb/v7-m/nofp/crt0.o
 .data          0x00000000        0x0 e:/devtools/armtoolchain/10 2021.10/bin/../lib/gcc/arm-none-eabi/10.3.1/../../../../arm-none-eabi/lib/thumb/v7-m/nofp/crt0.o
 .bss           0x00000000        0x0 e:/devtools/armtoolchain/10 2021.10/bin/../lib/gcc/arm-none-eabi/10.3.1/../../../../arm-none-eabi/lib/thumb/v7-m/nofp/crt0.o
 .ARM.extab     0x00000000        0x0 e:/devtools/armtoolchain/10 2021.10/bin/../lib/gcc/arm-none-eabi/10.3.1/../../../../arm-none-eabi/lib/thumb/v7-m/nofp/crt0.o
 .ARM.exidx     0x00000000       0x10 e:/devtools/armtoolchain/10 2021.10/bin/../lib/gcc/arm-none-eabi/10.3.1/../../../../arm-none-eabi/lib/thumb/v7-m/nofp/crt0.o
 .ARM.attributes
                0x00000000       0x1b e:/devtools/armtoolchain/10 2021.10/bin/../lib/gcc/arm-none-eabi/10.3.1/../../../../arm-none-eabi/lib/thumb/v7-m/nofp/crt0.o
 .text          0x00000000        0x0 build/main.o
 .data          0x00000000        0x0 build/main.o
 .bss           0x00000000        0x0 build/main.o
 .text          0x00000000        0x0 build/gpio.o
 .data          0x00000000        0x0 build/gpio.o
 .bss           0x00000000        0x0 build/gpio.o
 .text          0x00000000        0x0 build/tim.o
 .data          0x00000000        0x0 build/tim.o
 .bss           0x00000000        0x0 build/tim.o
 .text.HAL_TIM_Base_MspDeInit
                0x00000000       0x60 build/tim.o
[...]
Memory Configuration

Name             Origin             Length             Attributes
RAM              0x20000000         0x00002800         xrw
FLASH            0x08000000         0x00008000         xr
*default*        0x00000000         0xffffffff

Linker script and memory map

LOAD e:/devtools/armtoolchain/10 2021.10/bin/../lib/gcc/arm-none-eabi/10.3.1/thumb/v7-m/nofp/crti.o
LOAD e:/devtools/armtoolchain/10 2021.10/bin/../lib/gcc/arm-none-eabi/10.3.1/thumb/v7-m/nofp/crtbegin.o
LOAD e:/devtools/armtoolchain/10 2021.10/bin/../lib/gcc/arm-none-eabi/10.3.1/../../../../arm-none-eabi/lib/thumb/v7-m/nofp/crt0.o
LOAD build/main.o
LOAD build/gpio.o
LOAD build/tim.o
LOAD build/stm32f1xx_it.o
LOAD build/stm32f1xx_hal_msp.o
LOAD build/stm32f1xx_hal_gpio_ex.o
LOAD build/stm32f1xx_hal_tim.o
LOAD build/stm32f1xx_hal_tim_ex.o
LOAD build/stm32f1xx_hal.o
LOAD build/stm32f1xx_hal_rcc.o
LOAD build/stm32f1xx_hal_rcc_ex.o
LOAD build/stm32f1xx_hal_gpio.o
LOAD build/stm32f1xx_hal_dma.o
LOAD build/stm32f1xx_hal_cortex.o
LOAD build/stm32f1xx_hal_pwr.o
LOAD build/stm32f1xx_hal_flash.o
LOAD build/stm32f1xx_hal_flash_ex.o
LOAD build/stm32f1xx_hal_exti.o
LOAD build/system_stm32f1xx.o
LOAD build/SEGGER_RTT_printf.o
LOAD build/SEGGER_RTT.o
LOAD build/pid.o
LOAD build/startup_stm32f103x6.o
LOAD e:/devtools/armtoolchain/10 2021.10/bin/../lib/gcc/arm-none-eabi/10.3.1/../../../../arm-none-eabi/lib/thumb/v7-m/nofp\libc_nano.a
LOAD e:/devtools/armtoolchain/10 2021.10/bin/../lib/gcc/arm-none-eabi/10.3.1/../../../../arm-none-eabi/lib/thumb/v7-m/nofp\libm.a
LOAD e:/devtools/armtoolchain/10 2021.10/bin/../lib/gcc/arm-none-eabi/10.3.1/../../../../arm-none-eabi/lib/thumb/v7-m/nofp\libnosys.a
START GROUP
LOAD e:/devtools/armtoolchain/10 2021.10/bin/../lib/gcc/arm-none-eabi/10.3.1/thumb/v7-m/nofp\libgcc.a
LOAD e:/devtools/armtoolchain/10 2021.10/bin/../lib/gcc/arm-none-eabi/10.3.1/../../../../arm-none-eabi/lib/thumb/v7-m/nofp\libc_nano.a
END GROUP
START GROUP
LOAD e:/devtools/armtoolchain/10 2021.10/bin/../lib/gcc/arm-none-eabi/10.3.1/thumb/v7-m/nofp\libgcc.a
LOAD e:/devtools/armtoolchain/10 2021.10/bin/../lib/gcc/arm-none-eabi/10.3.1/../../../../arm-none-eabi/lib/thumb/v7-m/nofp\libc_nano.a
END GROUP
LOAD e:/devtools/armtoolchain/10 2021.10/bin/../lib/gcc/arm-none-eabi/10.3.1/thumb/v7-m/nofp/crtend.o
LOAD e:/devtools/armtoolchain/10 2021.10/bin/../lib/gcc/arm-none-eabi/10.3.1/thumb/v7-m/nofp/crtn.o
                0x20002800                _estack = (ORIGIN (RAM) + LENGTH (RAM))
                0x00000200                _Min_Heap_Size = 0x200
                0x00000400                _Min_Stack_Size = 0x400

.isr_vector     0x08000000      0x10c
                0x08000000                . = ALIGN (0x4)
 *(.isr_vector)
 .isr_vector    0x08000000      0x10c build/startup_stm32f103x6.o
                0x08000000                g_pfnVectors
                0x0800010c                . = ALIGN (0x4)

.text           0x0800010c     0x1d48
                0x0800010c                . = ALIGN (0x4)
 *(.text)
 .text          0x0800010c       0x40 e:/devtools/armtoolchain/10 2021.10/bin/../lib/gcc/arm-none-eabi/10.3.1/thumb/v7-m/nofp/crtbegin.o
 .text          0x0800014c      0x168 e:/devtools/armtoolchain/10 2021.10/bin/../lib/gcc/arm-none-eabi/10.3.1/thumb/v7-m/nofp\libgcc.a(_arm_mulsf3.o)
                0x0800014c                __aeabi_fmul
                0x0800014c                __mulsf3
 .text          0x080002b4      0x21c e:/devtools/armtoolchain/10 2021.10/bin/../lib/gcc/arm-none-eabi/10.3.1/thumb/v7-m/nofp\libgcc.a(_arm_addsubsf3.o)
                0x080002b4                __aeabi_frsub
                0x080002bc                __subsf3
                0x080002bc                __aeabi_fsub
                0x080002c0                __aeabi_fadd
                0x080002c0                __addsf3
                0x08000420                __aeabi_ui2f
                0x08000420                __floatunsisf
                0x08000428                __aeabi_i2f
                0x08000428                __floatsisf
                0x08000444                __aeabi_ul2f
                0x08000444                __floatundisf
                0x08000454                __aeabi_l2f
                0x08000454                __floatdisf
 .text          0x080004d0       0xec e:/devtools/armtoolchain/10 2021.10/bin/../lib/gcc/arm-none-eabi/10.3.1/thumb/v7-m/nofp\libgcc.a(_arm_cmpsf2.o)
                0x080004d0                __gesf2
                0x080004d0                __gtsf2
                0x080004d8                __lesf2
                0x080004d8                __ltsf2
                0x080004e0                __nesf2
                0x080004e0                __eqsf2
                0x080004e0                __cmpsf2
                0x08000540                __aeabi_cfrcmple
                0x08000548                __aeabi_cfcmpeq
                0x08000548                __aeabi_cfcmple
                0x08000558                __aeabi_fcmpeq
                0x0800056c                __aeabi_fcmplt
                0x08000580                __aeabi_fcmple
                0x08000594                __aeabi_fcmpge
                0x080005a8                __aeabi_fcmpgt
 .text          0x080005bc       0x4c e:/devtools/armtoolchain/10 2021.10/bin/../lib/gcc/arm-none-eabi/10.3.1/thumb/v7-m/nofp\libgcc.a(_arm_fixsfsi.o)
                0x080005bc                __aeabi_f2iz
                0x080005bc                __fixsfsi
 *(.text*)
 .text.Error_Handler
                0x08000608        0x4 build/main.o
                0x08000608                Error_Handler
 .text.SystemClock_Config
                0x0800060c       0x64 build/main.o
                0x0800060c                SystemClock_Config
 .text.main     0x08000670       0x4c build/main.o
                0x08000670                main
 .text.MX_GPIO_Init
                0x080006bc       0x78 build/gpio.o
                0x080006bc                MX_GPIO_Init
 .text.MX_TIM2_Init
                0x08000734       0x74 build/tim.o
                0x08000734                MX_TIM2_Init
 .text.MX_TIM3_Init
                0x080007a8       0x70 build/tim.o
                0x080007a8                MX_TIM3_Init
 .text.HAL_TIM_Base_MspInit
                0x08000818       0xac build/tim.o
                0x08000818                HAL_TIM_Base_MspInit
 .text.HAL_TIM_MspPostInit
                0x080008c4       0x50 build/tim.o
                0x080008c4                HAL_TIM_MspPostInit
 .text.MX_TIM1_Init
                0x08000914       0xe8 build/tim.o
                0x08000914                MX_TIM1_Init
 .text.HAL_TIM_PeriodElapsedCallback
                0x080009fc       0x88 build/tim.o
                0x080009fc                HAL_TIM_PeriodElapsedCallback
 .text.NMI_Handler
                0x08000a84        0x2 build/stm32f1xx_it.o
                0x08000a84                NMI_Handler
 .text.HardFault_Handler
                0x08000a86        0x2 build/stm32f1xx_it.o
                0x08000a86                HardFault_Handler
 .text.MemManage_Handler
                0x08000a88        0x2 build/stm32f1xx_it.o
                0x08000a88                MemManage_Handler
 .text.BusFault_Handler
                0x08000a8a        0x2 build/stm32f1xx_it.o
                0x08000a8a                BusFault_Handler
 .text.UsageFault_Handler
                0x08000a8c        0x2 build/stm32f1xx_it.o
                0x08000a8c                UsageFault_Handler
 .text.SVC_Handler
                0x08000a8e        0x2 build/stm32f1xx_it.o
                0x08000a8e                SVC_Handler
 .text.DebugMon_Handler
                0x08000a90        0x2 build/stm32f1xx_it.o
                0x08000a90                DebugMon_Handler
 .text.PendSV_Handler
                0x08000a92        0x2 build/stm32f1xx_it.o
                0x08000a92                PendSV_Handler
 .text.SysTick_Handler
                0x08000a94        0x8 build/stm32f1xx_it.o
                0x08000a94                SysTick_Handler
 .text.EXTI1_IRQHandler
                0x08000a9c        0xa build/stm32f1xx_it.o
                0x08000a9c                EXTI1_IRQHandler
 *fill*         0x08000aa6        0x2 
 .text.TIM3_IRQHandler
                0x08000aa8       0x10 build/stm32f1xx_it.o
                0x08000aa8                TIM3_IRQHandler
 .text.HAL_MspInit
                0x08000ab8       0x44 build/stm32f1xx_hal_msp.o
                0x08000ab8                HAL_MspInit
 .text.TIM_OC1_SetConfig
                0x08000afc       0x5c build/stm32f1xx_hal_tim.o
 .text.TIM_OC3_SetConfig
                0x08000b58       0x64 build/stm32f1xx_hal_tim.o
 .text.TIM_OC4_SetConfig
                0x08000bbc       0x48 build/stm32f1xx_hal_tim.o
 .text.TIM_TI1_ConfigInputStage
                0x08000c04       0x24 build/stm32f1xx_hal_tim.o
 .text.TIM_TI2_ConfigInputStage
                0x08000c28       0x26 build/stm32f1xx_hal_tim.o
 .text.TIM_ITRx_SetConfig
                0x08000c4e       0x10 build/stm32f1xx_hal_tim.o
 .text.HAL_TIM_PWM_MspInit
                0x08000c5e        0x2 build/stm32f1xx_hal_tim.o
                0x08000c5e                HAL_TIM_PWM_MspInit
 .text.HAL_TIM_OC_DelayElapsedCallback
                0x08000c60        0x2 build/stm32f1xx_hal_tim.o
                0x08000c60                HAL_TIM_OC_DelayElapsedCallback
 .text.HAL_TIM_IC_CaptureCallback
                0x08000c62        0x2 build/stm32f1xx_hal_tim.o
                0x08000c62                HAL_TIM_IC_CaptureCallback
 .text.HAL_TIM_PWM_PulseFinishedCallback
                0x08000c64        0x2 build/stm32f1xx_hal_tim.o
                0x08000c64                HAL_TIM_PWM_PulseFinishedCallback
 .text.HAL_TIM_TriggerCallback
                0x08000c66        0x2 build/stm32f1xx_hal_tim.o
                0x08000c66                HAL_TIM_TriggerCallback
 .text.HAL_TIM_IRQHandler
                0x08000c68      0x17a build/stm32f1xx_hal_tim.o
                0x08000c68                HAL_TIM_IRQHandler
 *fill*         0x08000de2        0x2 
 .text.TIM_Base_SetConfig
                0x08000de4       0x64 build/stm32f1xx_hal_tim.o
                0x08000de4                TIM_Base_SetConfig
 .text.HAL_TIM_Base_Init
                0x08000e48       0x58 build/stm32f1xx_hal_tim.o
                0x08000e48                HAL_TIM_Base_Init
 .text.HAL_TIM_PWM_Init
                0x08000ea0       0x58 build/stm32f1xx_hal_tim.o
                0x08000ea0                HAL_TIM_PWM_Init
 .text.TIM_OC2_SetConfig
                0x08000ef8       0x64 build/stm32f1xx_hal_tim.o
                0x08000ef8                TIM_OC2_SetConfig
 .text.HAL_TIM_PWM_ConfigChannel
                0x08000f5c       0xdc build/stm32f1xx_hal_tim.o
                0x08000f5c                HAL_TIM_PWM_ConfigChannel
 .text.TIM_ETR_SetConfig
                0x08001038       0x18 build/stm32f1xx_hal_tim.o
                0x08001038                TIM_ETR_SetConfig
 .text.HAL_TIM_ConfigClockSource
                0x08001050       0xfe build/stm32f1xx_hal_tim.o
                0x08001050                HAL_TIM_ConfigClockSource
 .text.TIM_CCxChannelCmd
                0x0800114e       0x1e build/stm32f1xx_hal_tim.o
                0x0800114e                TIM_CCxChannelCmd
 .text.HAL_TIM_PWM_Start
                0x0800116c       0xd4 build/stm32f1xx_hal_tim.o
                0x0800116c                HAL_TIM_PWM_Start
 .text.HAL_TIMEx_MasterConfigSynchronization
                0x08001240       0x64 build/stm32f1xx_hal_tim_ex.o
                0x08001240                HAL_TIMEx_MasterConfigSynchronization
 .text.HAL_TIMEx_ConfigBreakDeadTime
                0x080012a4       0x52 build/stm32f1xx_hal_tim_ex.o
                0x080012a4                HAL_TIMEx_ConfigBreakDeadTime
 .text.HAL_TIMEx_CommutCallback
                0x080012f6        0x2 build/stm32f1xx_hal_tim_ex.o
                0x080012f6                HAL_TIMEx_CommutCallback
 .text.HAL_TIMEx_BreakCallback
                0x080012f8        0x2 build/stm32f1xx_hal_tim_ex.o
                0x080012f8                HAL_TIMEx_BreakCallback
 *fill*         0x080012fa        0x2 
 .text.HAL_InitTick
                0x080012fc       0x4c build/stm32f1xx_hal.o
                0x080012fc                HAL_InitTick
 .text.HAL_Init
                0x08001348       0x24 build/stm32f1xx_hal.o
                0x08001348                HAL_Init
 .text.HAL_IncTick
                0x0800136c       0x18 build/stm32f1xx_hal.o
                0x0800136c                HAL_IncTick
 .text.HAL_GetTick
                0x08001384        0xc build/stm32f1xx_hal.o
                0x08001384                HAL_GetTick
 .text.RCC_Delay
                0x08001390       0x2c build/stm32f1xx_hal_rcc.o
 .text.HAL_RCC_OscConfig
                0x080013bc      0x410 build/stm32f1xx_hal_rcc.o
                0x080013bc                HAL_RCC_OscConfig
 .text.HAL_RCC_GetSysClockFreq
                0x080017cc       0x54 build/stm32f1xx_hal_rcc.o
                0x080017cc                HAL_RCC_GetSysClockFreq
 .text.HAL_RCC_ClockConfig
                0x08001820      0x16c build/stm32f1xx_hal_rcc.o
                0x08001820                HAL_RCC_ClockConfig
 .text.HAL_GPIO_Init
                0x0800198c      0x220 build/stm32f1xx_hal_gpio.o
                0x0800198c                HAL_GPIO_Init
 .text.HAL_GPIO_ReadPin
                0x08001bac        0xe build/stm32f1xx_hal_gpio.o
                0x08001bac                HAL_GPIO_ReadPin
 .text.HAL_GPIO_EXTI_Callback
                0x08001bba        0x2 build/stm32f1xx_hal_gpio.o
                0x08001bba                HAL_GPIO_EXTI_Callback
 .text.HAL_GPIO_EXTI_IRQHandler
                0x08001bbc       0x1c build/stm32f1xx_hal_gpio.o
                0x08001bbc                HAL_GPIO_EXTI_IRQHandler
 .text.HAL_NVIC_SetPriorityGrouping
                0x08001bd8       0x24 build/stm32f1xx_hal_cortex.o
                0x08001bd8                HAL_NVIC_SetPriorityGrouping
 .text.HAL_NVIC_SetPriority
                0x08001bfc       0x70 build/stm32f1xx_hal_cortex.o
                0x08001bfc                HAL_NVIC_SetPriority
 .text.HAL_NVIC_EnableIRQ
                0x08001c6c       0x1c build/stm32f1xx_hal_cortex.o
                0x08001c6c                HAL_NVIC_EnableIRQ
 .text.HAL_SYSTICK_Config
                0x08001c88       0x28 build/stm32f1xx_hal_cortex.o
                0x08001c88                HAL_SYSTICK_Config
 .text.SystemInit
                0x08001cb0        0x2 build/system_stm32f1xx.o
                0x08001cb0                SystemInit
 .text.PID_Init
                0x08001cb2       0x1c build/pid.o
                0x08001cb2                PID_Init
 *fill*         0x08001cce        0x2 
 .text.PID_Cal  0x08001cd0       0xc8 build/pid.o
                0x08001cd0                PID_Cal
 .text.Reset_Handler
                0x08001d98       0x48 build/startup_stm32f103x6.o
                0x08001d98                Reset_Handler
 .text.Default_Handler
                0x08001de0        0x2 build/startup_stm32f103x6.o
                0x08001de0                RTC_Alarm_IRQHandler
                0x08001de0                EXTI2_IRQHandler
                0x08001de0                TIM1_CC_IRQHandler
                0x08001de0                PVD_IRQHandler
                0x08001de0                EXTI3_IRQHandler
                0x08001de0                EXTI0_IRQHandler
                0x08001de0                ADC1_2_IRQHandler
                0x08001de0                SPI1_IRQHandler
                0x08001de0                TAMPER_IRQHandler
                0x08001de0                DMA1_Channel4_IRQHandler
                0x08001de0                RTC_IRQHandler
                0x08001de0                DMA1_Channel7_IRQHandler
                0x08001de0                CAN1_RX1_IRQHandler
                0x08001de0                I2C1_EV_IRQHandler
                0x08001de0                DMA1_Channel6_IRQHandler
                0x08001de0                RCC_IRQHandler
                0x08001de0                TIM1_TRG_COM_IRQHandler
                0x08001de0                DMA1_Channel1_IRQHandler
                0x08001de0                Default_Handler
                0x08001de0                EXTI15_10_IRQHandler
                0x08001de0                EXTI9_5_IRQHandler
                0x08001de0                DMA1_Channel5_IRQHandler
                0x08001de0                EXTI4_IRQHandler
                0x08001de0                USB_LP_CAN1_RX0_IRQHandler
                0x08001de0                USB_HP_CAN1_TX_IRQHandler
                0x08001de0                DMA1_Channel3_IRQHandler
                0x08001de0                TIM1_UP_IRQHandler
                0x08001de0                WWDG_IRQHandler
                0x08001de0                TIM2_IRQHandler
                0x08001de0                TIM1_BRK_IRQHandler
                0x08001de0                USART2_IRQHandler
                0x08001de0                DMA1_Channel2_IRQHandler
                0x08001de0                CAN1_SCE_IRQHandler
                0x08001de0                FLASH_IRQHandler
                0x08001de0                USART1_IRQHandler
                0x08001de0                I2C1_ER_IRQHandler
                0x08001de0                USBWakeUp_IRQHandler
 *fill*         0x08001de2        0x2 
 .text.__libc_init_array
                0x08001de4       0x48 e:/devtools/armtoolchain/10 2021.10/bin/../lib/gcc/arm-none-eabi/10.3.1/../../../../arm-none-eabi/lib/thumb/v7-m/nofp\libc_nano.a(lib_a-init.o)
                0x08001de4                __libc_init_array
 .text.memset   0x08001e2c       0x10 e:/devtools/armtoolchain/10 2021.10/bin/../lib/gcc/arm-none-eabi/10.3.1/../../../../arm-none-eabi/lib/thumb/v7-m/nofp\libc_nano.a(lib_a-memset.o)
                0x08001e2c                memset
 *(.glue_7)
 .glue_7        0x08001e3c        0x0 linker stubs
 *(.glue_7t)
 .glue_7t       0x08001e3c        0x0 linker stubs
 *(.eh_frame)
 .eh_frame      0x08001e3c        0x0 e:/devtools/armtoolchain/10 2021.10/bin/../lib/gcc/arm-none-eabi/10.3.1/thumb/v7-m/nofp/crtbegin.o
 *(.init)
 .init          0x08001e3c        0x4 e:/devtools/armtoolchain/10 2021.10/bin/../lib/gcc/arm-none-eabi/10.3.1/thumb/v7-m/nofp/crti.o
                0x08001e3c                _init
 .init          0x08001e40        0x8 e:/devtools/armtoolchain/10 2021.10/bin/../lib/gcc/arm-none-eabi/10.3.1/thumb/v7-m/nofp/crtn.o
 *(.fini)
 .fini          0x08001e48        0x4 e:/devtools/armtoolchain/10 2021.10/bin/../lib/gcc/arm-none-eabi/10.3.1/thumb/v7-m/nofp/crti.o
                0x08001e48                _fini
 .fini          0x08001e4c        0x8 e:/devtools/armtoolchain/10 2021.10/bin/../lib/gcc/arm-none-eabi/10.3.1/thumb/v7-m/nofp/crtn.o
                0x08001e54                . = ALIGN (0x4)
                0x08001e54                _etext = .

.vfp11_veneer   0x08001e54        0x0
 .vfp11_veneer  0x08001e54        0x0 linker stubs

.v4_bx          0x08001e54        0x0
 .v4_bx         0x08001e54        0x0 linker stubs

.iplt           0x08001e54        0x0
 .iplt          0x08001e54        0x0 e:/devtools/armtoolchain/10 2021.10/bin/../lib/gcc/arm-none-eabi/10.3.1/thumb/v7-m/nofp/crtbegin.o

.rodata         0x08001e54       0x24
                0x08001e54                . = ALIGN (0x4)
 *(.rodata)
 *(.rodata*)
 .rodata.aPLLMULFactorTable.1
                0x08001e54       0x10 build/stm32f1xx_hal_rcc.o
 .rodata.aPredivFactorTable.0
                0x08001e64        0x2 build/stm32f1xx_hal_rcc.o
 *fill*         0x08001e66        0x2 
 .rodata.AHBPrescTable
                0x08001e68       0x10 build/system_stm32f1xx.o
                0x08001e68                AHBPrescTable
                0x08001e78                . = ALIGN (0x4)

.rel.dyn        0x08001e78        0x0
 .rel.iplt      0x08001e78        0x0 e:/devtools/armtoolchain/10 2021.10/bin/../lib/gcc/arm-none-eabi/10.3.1/thumb/v7-m/nofp/crtbegin.o

.ARM.extab
 *(.ARM.extab* .gnu.linkonce.armextab.*)

.ARM            0x08001e78        0x0
                0x08001e78                __exidx_start = .
 *(.ARM.exidx*)
                0x08001e78                __exidx_end = .

.preinit_array  0x08001e78        0x0
                0x08001e78                PROVIDE (__preinit_array_start = .)
 *(.preinit_array*)
                0x08001e78                PROVIDE (__preinit_array_end = .)

.init_array     0x08001e78        0x4
                0x08001e78                PROVIDE (__init_array_start = .)
 *(SORT_BY_NAME(.init_array.*))
 *(.init_array*)
 .init_array    0x08001e78        0x4 e:/devtools/armtoolchain/10 2021.10/bin/../lib/gcc/arm-none-eabi/10.3.1/thumb/v7-m/nofp/crtbegin.o
                0x08001e7c                PROVIDE (__init_array_end = .)

.fini_array     0x08001e7c        0x4
                [!provide]                PROVIDE (__fini_array_start = .)
 *(SORT_BY_NAME(.fini_array.*))
 *(.fini_array*)
 .fini_array    0x08001e7c        0x4 e:/devtools/armtoolchain/10 2021.10/bin/../lib/gcc/arm-none-eabi/10.3.1/thumb/v7-m/nofp/crtbegin.o
                [!provide]                PROVIDE (__fini_array_end = .)
                0x08001e80                _sidata = LOADADDR (.data)

.data           0x20000000        0xc load address 0x08001e80
                0x20000000                . = ALIGN (0x4)
                0x20000000                _sdata = .
 *(.data)
 *(.data*)
 .data.uwTickFreq
                0x20000000        0x1 build/stm32f1xx_hal.o
                0x20000000                uwTickFreq
 *fill*         0x20000001        0x3 
 .data.uwTickPrio
                0x20000004        0x4 build/stm32f1xx_hal.o
                0x20000004                uwTickPrio
 .data.SystemCoreClock
                0x20000008        0x4 build/system_stm32f1xx.o
                0x20000008                SystemCoreClock
                0x2000000c                . = ALIGN (0x4)
                0x2000000c                _edata = .

.igot.plt       0x2000000c        0x0 load address 0x08001e8c
 .igot.plt      0x2000000c        0x0 e:/devtools/armtoolchain/10 2021.10/bin/../lib/gcc/arm-none-eabi/10.3.1/thumb/v7-m/nofp/crtbegin.o
                0x2000000c                . = ALIGN (0x4)

.bss            0x2000000c      0x12c load address 0x08001e8c
                0x2000000c                _sbss = .
                0x2000000c                __bss_start__ = _sbss
 *(.bss)
 .bss           0x2000000c       0x1c e:/devtools/armtoolchain/10 2021.10/bin/../lib/gcc/arm-none-eabi/10.3.1/thumb/v7-m/nofp/crtbegin.o
 *(.bss*)
 .bss.encoder_cnt
                0x20000028        0x2 build/tim.o
                0x20000028                encoder_cnt
 .bss.encoder_dir
                0x2000002a        0x1 build/tim.o
                0x2000002a                encoder_dir
 *fill*         0x2000002b        0x1 
 .bss.htim1     0x2000002c       0x48 build/tim.o
                0x2000002c                htim1
 .bss.htim2     0x20000074       0x48 build/tim.o
                0x20000074                htim2
 .bss.htim3     0x200000bc       0x48 build/tim.o
                0x200000bc                htim3
 .bss.motor_pulse
                0x20000104        0x1 build/tim.o
                0x20000104                motor_pulse
 *fill*         0x20000105        0x3 
 .bss.uwTick    0x20000108        0x4 build/stm32f1xx_hal.o
                0x20000108                uwTick
 .bss.speed_pid
                0x2000010c       0x2c build/pid.o
                0x2000010c                speed_pid
 *(COMMON)
                0x20000138                . = ALIGN (0x4)
                0x20000138                _ebss = .
                0x20000138                __bss_end__ = _ebss

._user_heap_stack
                0x20000138      0x600 load address 0x08001e8c
                0x20000138                . = ALIGN (0x8)
                [!provide]                PROVIDE (end = .)
                [!provide]                PROVIDE (_end = .)
                0x20000338                . = (. + _Min_Heap_Size)
 *fill*         0x20000138      0x200 
                0x20000738                . = (. + _Min_Stack_Size)
 *fill*         0x20000338      0x400 
                0x20000738                . = ALIGN (0x8)

/DISCARD/
 libc.a(*)
 libm.a(*)
 libgcc.a(*)

.ARM.attributes
                0x00000000       0x29
 *(.ARM.attributes)
 .ARM.attributes
                0x00000000       0x1d e:/devtools/armtoolchain/10 2021.10/bin/../lib/gcc/arm-none-eabi/10.3.1/thumb/v7-m/nofp/crti.o
 .ARM.attributes
                0x0000001d       0x2d e:/devtools/armtoolchain/10 2021.10/bin/../lib/gcc/arm-none-eabi/10.3.1/thumb/v7-m/nofp/crtbegin.o
 .ARM.attributes
                0x0000004a       0x2d build/main.o
 .ARM.attributes
                0x00000077       0x2d build/gpio.o
 .ARM.attributes
                0x000000a4       0x2d build/tim.o
 .ARM.attributes
                0x000000d1       0x2d build/stm32f1xx_it.o
 .ARM.attributes
                0x000000fe       0x2d build/stm32f1xx_hal_msp.o
 .ARM.attributes
                0x0000012b       0x2d build/stm32f1xx_hal_tim.o
 .ARM.attributes
                0x00000158       0x2d build/stm32f1xx_hal_tim_ex.o
 .ARM.attributes
                0x00000185       0x2d build/stm32f1xx_hal.o
 .ARM.attributes
                0x000001b2       0x2d build/stm32f1xx_hal_rcc.o
 .ARM.attributes
                0x000001df       0x2d build/stm32f1xx_hal_gpio.o
 .ARM.attributes
                0x0000020c       0x2d build/stm32f1xx_hal_cortex.o
 .ARM.attributes
                0x00000239       0x2d build/system_stm32f1xx.o
 .ARM.attributes
                0x00000266       0x2d build/pid.o
 .ARM.attributes
                0x00000293       0x21 build/startup_stm32f103x6.o
 .ARM.attributes
                0x000002b4       0x2d e:/devtools/armtoolchain/10 2021.10/bin/../lib/gcc/arm-none-eabi/10.3.1/../../../../arm-none-eabi/lib/thumb/v7-m/nofp\libc_nano.a(lib_a-init.o)
 .ARM.attributes
                0x000002e1       0x2d e:/devtools/armtoolchain/10 2021.10/bin/../lib/gcc/arm-none-eabi/10.3.1/../../../../arm-none-eabi/lib/thumb/v7-m/nofp\libc_nano.a(lib_a-memset.o)
 .ARM.attributes
                0x0000030e       0x1d e:/devtools/armtoolchain/10 2021.10/bin/../lib/gcc/arm-none-eabi/10.3.1/thumb/v7-m/nofp\libgcc.a(_arm_mulsf3.o)
 .ARM.attributes
                0x0000032b       0x1d e:/devtools/armtoolchain/10 2021.10/bin/../lib/gcc/arm-none-eabi/10.3.1/thumb/v7-m/nofp\libgcc.a(_arm_addsubsf3.o)
 .ARM.attributes
                0x00000348       0x1d e:/devtools/armtoolchain/10 2021.10/bin/../lib/gcc/arm-none-eabi/10.3.1/thumb/v7-m/nofp\libgcc.a(_arm_cmpsf2.o)
 .ARM.attributes
                0x00000365       0x1d e:/devtools/armtoolchain/10 2021.10/bin/../lib/gcc/arm-none-eabi/10.3.1/thumb/v7-m/nofp\libgcc.a(_arm_fixsfsi.o)
 .ARM.attributes
                0x00000382       0x1d e:/devtools/armtoolchain/10 2021.10/bin/../lib/gcc/arm-none-eabi/10.3.1/thumb/v7-m/nofp/crtn.o
OUTPUT(build/motor.elf elf32-littlearm)
LOAD linker stubs
LOAD e:/devtools/armtoolchain/10 2021.10/bin/../lib/gcc/arm-none-eabi/10.3.1/../../../../arm-none-eabi/lib/thumb/v7-m/nofp\libc.a
LOAD e:/devtools/armtoolchain/10 2021.10/bin/../lib/gcc/arm-none-eabi/10.3.1/../../../../arm-none-eabi/lib/thumb/v7-m/nofp\libm.a
LOAD e:/devtools/armtoolchain/10 2021.10/bin/../lib/gcc/arm-none-eabi/10.3.1/thumb/v7-m/nofp\libgcc.a

.debug_info     0x00000000     0xb5ed
 .debug_info    0x00000000      0xa99 build/main.o
 .debug_info    0x00000a99      0x45f build/gpio.o
 .debug_info    0x00000ef8     0x128f build/tim.o
 .debug_info    0x00002187      0x831 build/stm32f1xx_it.o
 .debug_info    0x000029b8      0x238 build/stm32f1xx_hal_msp.o
 .debug_info    0x00002bf0     0x404a build/stm32f1xx_hal_tim.o
 .debug_info    0x00006c3a     0x1c39 build/stm32f1xx_hal_tim_ex.o
 .debug_info    0x00008873      0x837 build/stm32f1xx_hal.o
 .debug_info    0x000090aa      0xaf0 build/stm32f1xx_hal_rcc.o
 .debug_info    0x00009b9a      0x6d7 build/stm32f1xx_hal_gpio.o
 .debug_info    0x0000a271      0xe0f build/stm32f1xx_hal_cortex.o
 .debug_info    0x0000b080      0x26e build/system_stm32f1xx.o
 .debug_info    0x0000b2ee      0x2dd build/pid.o
 .debug_info    0x0000b5cb       0x22 build/startup_stm32f103x6.o

.debug_abbrev   0x00000000     0x1a4f
 .debug_abbrev  0x00000000      0x224 build/main.o
 .debug_abbrev  0x00000224      0x15c build/gpio.o
 .debug_abbrev  0x00000380      0x256 build/tim.o
 .debug_abbrev  0x000005d6      0x1ba build/stm32f1xx_it.o
 .debug_abbrev  0x00000790       0xe7 build/stm32f1xx_hal_msp.o
 .debug_abbrev  0x00000877      0x29d build/stm32f1xx_hal_tim.o
 .debug_abbrev  0x00000b14      0x29f build/stm32f1xx_hal_tim_ex.o
 .debug_abbrev  0x00000db3      0x1f7 build/stm32f1xx_hal.o
 .debug_abbrev  0x00000faa      0x2b8 build/stm32f1xx_hal_rcc.o
 .debug_abbrev  0x00001262      0x222 build/stm32f1xx_hal_gpio.o
 .debug_abbrev  0x00001484      0x359 build/stm32f1xx_hal_cortex.o
 .debug_abbrev  0x000017dd      0x140 build/system_stm32f1xx.o
 .debug_abbrev  0x0000191d      0x120 build/pid.o
 .debug_abbrev  0x00001a3d       0x12 build/startup_stm32f103x6.o

.debug_loc      0x00000000     0x9934
 .debug_loc     0x00000000       0x72 build/main.o
 .debug_loc     0x00000072       0x38 build/gpio.o
 .debug_loc     0x000000aa      0x2d8 build/tim.o
 .debug_loc     0x00000382       0x60 build/stm32f1xx_it.o
 .debug_loc     0x000003e2       0x41 build/stm32f1xx_hal_msp.o
 .debug_loc     0x00000423     0x5c5e build/stm32f1xx_hal_tim.o
 .debug_loc     0x00006081     0x20f3 build/stm32f1xx_hal_tim_ex.o
 .debug_loc     0x00008174      0x1e1 build/stm32f1xx_hal.o
 .debug_loc     0x00008355      0x790 build/stm32f1xx_hal_rcc.o
 .debug_loc     0x00008ae5      0x511 build/stm32f1xx_hal_gpio.o
 .debug_loc     0x00008ff6      0x77f build/stm32f1xx_hal_cortex.o
 .debug_loc     0x00009775       0xff build/system_stm32f1xx.o
 .debug_loc     0x00009874       0xc0 build/pid.o

.debug_aranges  0x00000000      0x938
 .debug_aranges
                0x00000000       0x30 build/main.o
 .debug_aranges
                0x00000030       0x20 build/gpio.o
 .debug_aranges
                0x00000050       0x50 build/tim.o
 .debug_aranges
                0x000000a0       0x70 build/stm32f1xx_it.o
 .debug_aranges
                0x00000110       0x20 build/stm32f1xx_hal_msp.o
 .debug_aranges
                0x00000130      0x3d0 build/stm32f1xx_hal_tim.o
 .debug_aranges
                0x00000500      0x168 build/stm32f1xx_hal_tim_ex.o
 .debug_aranges
                0x00000668       0xe0 build/stm32f1xx_hal.o
 .debug_aranges
                0x00000748       0x90 build/stm32f1xx_hal_rcc.o
 .debug_aranges
                0x000007d8       0x58 build/stm32f1xx_hal_gpio.o
 .debug_aranges
                0x00000830       0x90 build/stm32f1xx_hal_cortex.o
 .debug_aranges
                0x000008c0       0x28 build/system_stm32f1xx.o
 .debug_aranges
                0x000008e8       0x28 build/pid.o
 .debug_aranges
                0x00000910       0x28 build/startup_stm32f103x6.o

.debug_ranges   0x00000000      0x8e0
 .debug_ranges  0x00000000       0x20 build/main.o
 .debug_ranges  0x00000020       0x10 build/gpio.o
 .debug_ranges  0x00000030       0x40 build/tim.o
 .debug_ranges  0x00000070       0x60 build/stm32f1xx_it.o
 .debug_ranges  0x000000d0       0x10 build/stm32f1xx_hal_msp.o
 .debug_ranges  0x000000e0      0x3c0 build/stm32f1xx_hal_tim.o
 .debug_ranges  0x000004a0      0x158 build/stm32f1xx_hal_tim_ex.o
 .debug_ranges  0x000005f8       0xd0 build/stm32f1xx_hal.o
 .debug_ranges  0x000006c8       0xa0 build/stm32f1xx_hal_rcc.o
 .debug_ranges  0x00000768       0x48 build/stm32f1xx_hal_gpio.o
 .debug_ranges  0x000007b0       0xe0 build/stm32f1xx_hal_cortex.o
 .debug_ranges  0x00000890       0x18 build/system_stm32f1xx.o
 .debug_ranges  0x000008a8       0x18 build/pid.o
 .debug_ranges  0x000008c0       0x20 build/startup_stm32f103x6.o

.debug_line     0x00000000     0x93a0
 .debug_line    0x00000000      0x30f build/main.o
 .debug_line    0x0000030f      0x19f build/gpio.o
 .debug_line    0x000004ae      0x616 build/tim.o
 .debug_line    0x00000ac4      0x2ea build/stm32f1xx_it.o
 .debug_line    0x00000dae      0x13e build/stm32f1xx_hal_msp.o
 .debug_line    0x00000eec     0x48f4 build/stm32f1xx_hal_tim.o
 .debug_line    0x000057e0     0x1b82 build/stm32f1xx_hal_tim_ex.o
 .debug_line    0x00007362      0x4f4 build/stm32f1xx_hal.o
 .debug_line    0x00007856      0xbe4 build/stm32f1xx_hal_rcc.o
 .debug_line    0x0000843a      0x592 build/stm32f1xx_hal_gpio.o
 .debug_line    0x000089cc      0x5ff build/stm32f1xx_hal_cortex.o
 .debug_line    0x00008fcb      0x207 build/system_stm32f1xx.o
 .debug_line    0x000091d2      0x15a build/pid.o
 .debug_line    0x0000932c       0x74 build/startup_stm32f103x6.o

.debug_str      0x00000000     0x2ca8
 .debug_str     0x00000000      0x7ba build/main.o
                                0x874 (size before relaxing)
 .debug_str     0x000007ba      0x370 build/gpio.o
                                0x4ee (size before relaxing)
 .debug_str     0x00000b2a      0x351 build/tim.o
                                0xdba (size before relaxing)
 .debug_str     0x00000e7b      0x111 build/stm32f1xx_it.o
                                0x759 (size before relaxing)
 .debug_str     0x00000f8c       0x52 build/stm32f1xx_hal_msp.o
                                0x1fb (size before relaxing)
 .debug_str     0x00000fde      0xdd7 build/stm32f1xx_hal_tim.o
                               0x1620 (size before relaxing)
 .debug_str     0x00001db5      0x46f build/stm32f1xx_hal_tim_ex.o
                                0xe21 (size before relaxing)
 .debug_str     0x00002224      0x309 build/stm32f1xx_hal.o
                                0x7cb (size before relaxing)
 .debug_str     0x0000252d      0x1fe build/stm32f1xx_hal_rcc.o
                                0x60c (size before relaxing)
 .debug_str     0x0000272b      0x11b build/stm32f1xx_hal_gpio.o
                                0x3e1 (size before relaxing)
 .debug_str     0x00002846      0x39b build/stm32f1xx_hal_cortex.o
                                0x87a (size before relaxing)
 .debug_str     0x00002be1       0x4a build/system_stm32f1xx.o
                                0x230 (size before relaxing)
 .debug_str     0x00002c2b       0x59 build/pid.o
                                0x200 (size before relaxing)
 .debug_str     0x00002c84       0x24 build/startup_stm32f103x6.o
                                 0x54 (size before relaxing)

.comment        0x00000000       0x49
 .comment       0x00000000       0x49 build/main.o
                                 0x4a (size before relaxing)
 .comment       0x00000049       0x4a build/gpio.o
 .comment       0x00000049       0x4a build/tim.o
 .comment       0x00000049       0x4a build/stm32f1xx_it.o
 .comment       0x00000049       0x4a build/stm32f1xx_hal_msp.o
 .comment       0x00000049       0x4a build/stm32f1xx_hal_tim.o
 .comment       0x00000049       0x4a build/stm32f1xx_hal_tim_ex.o
 .comment       0x00000049       0x4a build/stm32f1xx_hal.o
 .comment       0x00000049       0x4a build/stm32f1xx_hal_rcc.o
 .comment       0x00000049       0x4a build/stm32f1xx_hal_gpio.o
 .comment       0x00000049       0x4a build/stm32f1xx_hal_cortex.o
 .comment       0x00000049       0x4a build/system_stm32f1xx.o
 .comment       0x00000049       0x4a build/pid.o

.debug_frame    0x00000000     0x18f0
 .debug_frame   0x00000000       0x58 build/main.o
 .debug_frame   0x00000058       0x30 build/gpio.o
 .debug_frame   0x00000088       0xe4 build/tim.o
 .debug_frame   0x0000016c       0xd8 build/stm32f1xx_it.o
 .debug_frame   0x00000244       0x28 build/stm32f1xx_hal_msp.o
 .debug_frame   0x0000026c      0xb18 build/stm32f1xx_hal_tim.o
 .debug_frame   0x00000d84      0x40c build/stm32f1xx_hal_tim_ex.o
 .debug_frame   0x00001190      0x1cc build/stm32f1xx_hal.o
 .debug_frame   0x0000135c      0x184 build/stm32f1xx_hal_rcc.o
 .debug_frame   0x000014e0       0xe0 build/stm32f1xx_hal_gpio.o
 .debug_frame   0x000015c0      0x118 build/stm32f1xx_hal_cortex.o
 .debug_frame   0x000016d8       0x30 build/system_stm32f1xx.o
 .debug_frame   0x00001708       0x40 build/pid.o
 .debug_frame   0x00001748       0x2c e:/devtools/armtoolchain/10 2021.10/bin/../lib/gcc/arm-none-eabi/10.3.1/../../../../arm-none-eabi/lib/thumb/v7-m/nofp\libc_nano.a(lib_a-init.o)
 .debug_frame   0x00001774       0x20 e:/devtools/armtoolchain/10 2021.10/bin/../lib/gcc/arm-none-eabi/10.3.1/../../../../arm-none-eabi/lib/thumb/v7-m/nofp\libc_nano.a(lib_a-memset.o)
 .debug_frame   0x00001794       0x24 e:/devtools/armtoolchain/10 2021.10/bin/../lib/gcc/arm-none-eabi/10.3.1/thumb/v7-m/nofp\libgcc.a(_arm_mulsf3.o)
 .debug_frame   0x000017b8       0x4c e:/devtools/armtoolchain/10 2021.10/bin/../lib/gcc/arm-none-eabi/10.3.1/thumb/v7-m/nofp\libgcc.a(_arm_addsubsf3.o)
 .debug_frame   0x00001804       0xc8 e:/devtools/armtoolchain/10 2021.10/bin/../lib/gcc/arm-none-eabi/10.3.1/thumb/v7-m/nofp\libgcc.a(_arm_cmpsf2.o)
 .debug_frame   0x000018cc       0x24 e:/devtools/armtoolchain/10 2021.10/bin/../lib/gcc/arm-none-eabi/10.3.1/thumb/v7-m/nofp\libgcc.a(_arm_fixsfsi.o)

Cross Reference Table

Symbol                                            File
ADC1_2_IRQHandler                                 build/startup_stm32f103x6.o
AHBPrescTable                                     build/system_stm32f1xx.o
                                                  build/stm32f1xx_hal_rcc.o
APBPrescTable                                     build/system_stm32f1xx.o
                                                  build/stm32f1xx_hal_rcc.o
BusFault_Handler                                  build/stm32f1xx_it.o
CAN1_RX1_IRQHandler                               build/startup_stm32f103x6.o
CAN1_SCE_IRQHandler                               build/startup_stm32f103x6.o
DMA1_Channel1_IRQHandler                          build/startup_stm32f103x6.o
DMA1_Channel2_IRQHandler                          build/startup_stm32f103x6.o
DMA1_Channel3_IRQHandler                          build/startup_stm32f103x6.o
DMA1_Channel4_IRQHandler                          build/startup_stm32f103x6.o
DMA1_Channel5_IRQHandler                          build/startup_stm32f103x6.o
DMA1_Channel6_IRQHandler                          build/startup_stm32f103x6.o
DMA1_Channel7_IRQHandler                          build/startup_stm32f103x6.o
DebugMon_Handler                                  build/stm32f1xx_it.o
Default_Handler                                   build/startup_stm32f103x6.o
EXTI0_IRQHandler                                  build/startup_stm32f103x6.o
EXTI15_10_IRQHandler                              build/startup_stm32f103x6.o
EXTI1_IRQHandler                                  build/stm32f1xx_it.o
EXTI2_IRQHandler                                  build/startup_stm32f103x6.o
EXTI3_IRQHandler                                  build/startup_stm32f103x6.o
EXTI4_IRQHandler                                  build/startup_stm32f103x6.o
EXTI9_5_IRQHandler                                build/startup_stm32f103x6.o
Error_Handler                                     build/main.o
                                                  build/tim.o
FLASH_IRQHandler                                  build/startup_stm32f103x6.o
FLASH_PageErase                                   build/stm32f1xx_hal_flash_ex.o
                                                  build/stm32f1xx_hal_flash.o
FLASH_WaitForLastOperation                        build/stm32f1xx_hal_flash.o
                                                  build/stm32f1xx_hal_flash_ex.o
HAL_DBGMCU_DisableDBGSleepMode                    build/stm32f1xx_hal.o
HAL_DBGMCU_DisableDBGStandbyMode                  build/stm32f1xx_hal.o
HAL_DBGMCU_DisableDBGStopMode                     build/stm32f1xx_hal.o
HAL_DBGMCU_EnableDBGSleepMode                     build/stm32f1xx_hal.o
HAL_DBGMCU_EnableDBGStandbyMode                   build/stm32f1xx_hal.o
HAL_DBGMCU_EnableDBGStopMode                      build/stm32f1xx_hal.o
HAL_DMA_Abort                                     build/stm32f1xx_hal_dma.o
HAL_DMA_Abort_IT                                  build/stm32f1xx_hal_dma.o
                                                  build/stm32f1xx_hal_tim_ex.o
                                                  build/stm32f1xx_hal_tim.o
HAL_DMA_DeInit                                    build/stm32f1xx_hal_dma.o
HAL_DMA_GetError                                  build/stm32f1xx_hal_dma.o
HAL_DMA_GetState                                  build/stm32f1xx_hal_dma.o
HAL_DMA_IRQHandler                                build/stm32f1xx_hal_dma.o
HAL_DMA_Init                                      build/stm32f1xx_hal_dma.o
HAL_DMA_PollForTransfer                           build/stm32f1xx_hal_dma.o
HAL_DMA_RegisterCallback                          build/stm32f1xx_hal_dma.o
HAL_DMA_Start                                     build/stm32f1xx_hal_dma.o
HAL_DMA_Start_IT                                  build/stm32f1xx_hal_dma.o
                                                  build/stm32f1xx_hal_tim_ex.o
                                                  build/stm32f1xx_hal_tim.o
HAL_DMA_UnRegisterCallback                        build/stm32f1xx_hal_dma.o
HAL_DeInit                                        build/stm32f1xx_hal.o
HAL_Delay                                         build/stm32f1xx_hal.o
HAL_EXTI_ClearConfigLine                          build/stm32f1xx_hal_exti.o
HAL_EXTI_ClearPending                             build/stm32f1xx_hal_exti.o
HAL_EXTI_GenerateSWI                              build/stm32f1xx_hal_exti.o
HAL_EXTI_GetConfigLine                            build/stm32f1xx_hal_exti.o
HAL_EXTI_GetHandle                                build/stm32f1xx_hal_exti.o
HAL_EXTI_GetPending                               build/stm32f1xx_hal_exti.o
HAL_EXTI_IRQHandler                               build/stm32f1xx_hal_exti.o
HAL_EXTI_RegisterCallback                         build/stm32f1xx_hal_exti.o
HAL_EXTI_SetConfigLine                            build/stm32f1xx_hal_exti.o
HAL_FLASHEx_Erase                                 build/stm32f1xx_hal_flash_ex.o
HAL_FLASHEx_Erase_IT                              build/stm32f1xx_hal_flash_ex.o
HAL_FLASHEx_OBErase                               build/stm32f1xx_hal_flash_ex.o
HAL_FLASHEx_OBGetConfig                           build/stm32f1xx_hal_flash_ex.o
HAL_FLASHEx_OBGetUserData                         build/stm32f1xx_hal_flash_ex.o
HAL_FLASHEx_OBProgram                             build/stm32f1xx_hal_flash_ex.o
HAL_FLASH_EndOfOperationCallback                  build/stm32f1xx_hal_flash.o
HAL_FLASH_GetError                                build/stm32f1xx_hal_flash.o
HAL_FLASH_IRQHandler                              build/stm32f1xx_hal_flash.o
HAL_FLASH_Lock                                    build/stm32f1xx_hal_flash.o
HAL_FLASH_OB_Launch                               build/stm32f1xx_hal_flash.o
HAL_FLASH_OB_Lock                                 build/stm32f1xx_hal_flash.o
HAL_FLASH_OB_Unlock                               build/stm32f1xx_hal_flash.o
HAL_FLASH_OperationErrorCallback                  build/stm32f1xx_hal_flash.o
HAL_FLASH_Program                                 build/stm32f1xx_hal_flash.o
HAL_FLASH_Program_IT                              build/stm32f1xx_hal_flash.o
HAL_FLASH_Unlock                                  build/stm32f1xx_hal_flash.o
HAL_GPIOEx_ConfigEventout                         build/stm32f1xx_hal_gpio_ex.o
HAL_GPIOEx_DisableEventout                        build/stm32f1xx_hal_gpio_ex.o
HAL_GPIOEx_EnableEventout                         build/stm32f1xx_hal_gpio_ex.o
HAL_GPIO_DeInit                                   build/stm32f1xx_hal_gpio.o
                                                  build/tim.o
HAL_GPIO_EXTI_Callback                            build/stm32f1xx_hal_gpio.o
HAL_GPIO_EXTI_IRQHandler                          build/stm32f1xx_hal_gpio.o
                                                  build/stm32f1xx_it.o
HAL_GPIO_Init                                     build/stm32f1xx_hal_gpio.o
                                                  build/stm32f1xx_hal_rcc.o
                                                  build/tim.o
                                                  build/gpio.o
HAL_GPIO_LockPin                                  build/stm32f1xx_hal_gpio.o
HAL_GPIO_ReadPin                                  build/stm32f1xx_hal_gpio.o
                                                  build/tim.o
HAL_GPIO_TogglePin                                build/stm32f1xx_hal_gpio.o
HAL_GPIO_WritePin                                 build/stm32f1xx_hal_gpio.o
HAL_GetDEVID                                      build/stm32f1xx_hal.o
HAL_GetHalVersion                                 build/stm32f1xx_hal.o
HAL_GetREVID                                      build/stm32f1xx_hal.o
HAL_GetTick                                       build/stm32f1xx_hal.o
                                                  build/stm32f1xx_hal_flash.o
                                                  build/stm32f1xx_hal_dma.o
                                                  build/stm32f1xx_hal_rcc_ex.o
                                                  build/stm32f1xx_hal_rcc.o
HAL_GetTickFreq                                   build/stm32f1xx_hal.o
HAL_GetTickPrio                                   build/stm32f1xx_hal.o
HAL_GetUIDw0                                      build/stm32f1xx_hal.o
HAL_GetUIDw1                                      build/stm32f1xx_hal.o
HAL_GetUIDw2                                      build/stm32f1xx_hal.o
HAL_IncTick                                       build/stm32f1xx_hal.o
                                                  build/stm32f1xx_it.o
HAL_Init                                          build/stm32f1xx_hal.o
                                                  build/main.o
HAL_InitTick                                      build/stm32f1xx_hal.o
                                                  build/stm32f1xx_hal_rcc.o
HAL_MspDeInit                                     build/stm32f1xx_hal.o
HAL_MspInit                                       build/stm32f1xx_hal_msp.o
HAL_NVIC_ClearPendingIRQ                          build/stm32f1xx_hal_cortex.o
HAL_NVIC_DisableIRQ                               build/stm32f1xx_hal_cortex.o
                                                  build/tim.o
HAL_NVIC_EnableIRQ                                build/stm32f1xx_hal_cortex.o
                                                  build/tim.o
                                                  build/gpio.o
HAL_NVIC_GetActive                                build/stm32f1xx_hal_cortex.o
HAL_NVIC_GetPendingIRQ                            build/stm32f1xx_hal_cortex.o
HAL_NVIC_GetPriority                              build/stm32f1xx_hal_cortex.o
HAL_NVIC_GetPriorityGrouping                      build/stm32f1xx_hal_cortex.o
HAL_NVIC_SetPendingIRQ                            build/stm32f1xx_hal_cortex.o
HAL_NVIC_SetPriority                              build/stm32f1xx_hal_cortex.o
                                                  build/stm32f1xx_hal.o
                                                  build/tim.o
                                                  build/gpio.o
HAL_NVIC_SetPriorityGrouping                      build/stm32f1xx_hal_cortex.o
                                                  build/stm32f1xx_hal.o
HAL_NVIC_SystemReset                              build/stm32f1xx_hal_cortex.o
                                                  build/stm32f1xx_hal_flash.o
HAL_PWR_ConfigPVD                                 build/stm32f1xx_hal_pwr.o
HAL_PWR_DeInit                                    build/stm32f1xx_hal_pwr.o
HAL_PWR_DisableBkUpAccess                         build/stm32f1xx_hal_pwr.o
HAL_PWR_DisablePVD                                build/stm32f1xx_hal_pwr.o
HAL_PWR_DisableSEVOnPend                          build/stm32f1xx_hal_pwr.o
HAL_PWR_DisableSleepOnExit                        build/stm32f1xx_hal_pwr.o
HAL_PWR_DisableWakeUpPin                          build/stm32f1xx_hal_pwr.o
HAL_PWR_EnableBkUpAccess                          build/stm32f1xx_hal_pwr.o
HAL_PWR_EnablePVD                                 build/stm32f1xx_hal_pwr.o
HAL_PWR_EnableSEVOnPend                           build/stm32f1xx_hal_pwr.o
HAL_PWR_EnableSleepOnExit                         build/stm32f1xx_hal_pwr.o
HAL_PWR_EnableWakeUpPin                           build/stm32f1xx_hal_pwr.o
HAL_PWR_EnterSLEEPMode                            build/stm32f1xx_hal_pwr.o
HAL_PWR_EnterSTANDBYMode                          build/stm32f1xx_hal_pwr.o
HAL_PWR_EnterSTOPMode                             build/stm32f1xx_hal_pwr.o
HAL_PWR_PVDCallback                               build/stm32f1xx_hal_pwr.o
HAL_PWR_PVD_IRQHandler                            build/stm32f1xx_hal_pwr.o
HAL_RCCEx_GetPeriphCLKConfig                      build/stm32f1xx_hal_rcc_ex.o
HAL_RCCEx_GetPeriphCLKFreq                        build/stm32f1xx_hal_rcc_ex.o
HAL_RCCEx_PeriphCLKConfig                         build/stm32f1xx_hal_rcc_ex.o
HAL_RCC_CSSCallback                               build/stm32f1xx_hal_rcc.o
HAL_RCC_ClockConfig                               build/stm32f1xx_hal_rcc.o
                                                  build/main.o
HAL_RCC_DeInit                                    build/stm32f1xx_hal_rcc.o
HAL_RCC_DisableCSS                                build/stm32f1xx_hal_rcc.o
HAL_RCC_EnableCSS                                 build/stm32f1xx_hal_rcc.o
HAL_RCC_GetClockConfig                            build/stm32f1xx_hal_rcc.o
HAL_RCC_GetHCLKFreq                               build/stm32f1xx_hal_rcc.o
HAL_RCC_GetOscConfig                              build/stm32f1xx_hal_rcc.o
HAL_RCC_GetPCLK1Freq                              build/stm32f1xx_hal_rcc.o
HAL_RCC_GetPCLK2Freq                              build/stm32f1xx_hal_rcc.o
                                                  build/stm32f1xx_hal_rcc_ex.o
HAL_RCC_GetSysClockFreq                           build/stm32f1xx_hal_rcc.o
HAL_RCC_MCOConfig                                 build/stm32f1xx_hal_rcc.o
HAL_RCC_NMI_IRQHandler                            build/stm32f1xx_hal_rcc.o
HAL_RCC_OscConfig                                 build/stm32f1xx_hal_rcc.o
                                                  build/main.o
HAL_ResumeTick                                    build/stm32f1xx_hal.o
HAL_SYSTICK_CLKSourceConfig                       build/stm32f1xx_hal_cortex.o
HAL_SYSTICK_Callback                              build/stm32f1xx_hal_cortex.o
HAL_SYSTICK_Config                                build/stm32f1xx_hal_cortex.o
                                                  build/stm32f1xx_hal.o
HAL_SYSTICK_IRQHandler                            build/stm32f1xx_hal_cortex.o
HAL_SetTickFreq                                   build/stm32f1xx_hal.o
HAL_SuspendTick                                   build/stm32f1xx_hal.o
HAL_TIMEx_BreakCallback                           build/stm32f1xx_hal_tim_ex.o
                                                  build/stm32f1xx_hal_tim.o
HAL_TIMEx_CommutCallback                          build/stm32f1xx_hal_tim_ex.o
                                                  build/stm32f1xx_hal_tim.o
HAL_TIMEx_CommutHalfCpltCallback                  build/stm32f1xx_hal_tim_ex.o
HAL_TIMEx_ConfigBreakDeadTime                     build/stm32f1xx_hal_tim_ex.o
                                                  build/tim.o
HAL_TIMEx_ConfigCommutEvent                       build/stm32f1xx_hal_tim_ex.o
HAL_TIMEx_ConfigCommutEvent_DMA                   build/stm32f1xx_hal_tim_ex.o
HAL_TIMEx_ConfigCommutEvent_IT                    build/stm32f1xx_hal_tim_ex.o
HAL_TIMEx_GetChannelNState                        build/stm32f1xx_hal_tim_ex.o
HAL_TIMEx_HallSensor_DeInit                       build/stm32f1xx_hal_tim_ex.o
HAL_TIMEx_HallSensor_GetState                     build/stm32f1xx_hal_tim_ex.o
HAL_TIMEx_HallSensor_Init                         build/stm32f1xx_hal_tim_ex.o
HAL_TIMEx_HallSensor_MspDeInit                    build/stm32f1xx_hal_tim_ex.o
HAL_TIMEx_HallSensor_MspInit                      build/stm32f1xx_hal_tim_ex.o
HAL_TIMEx_HallSensor_Start                        build/stm32f1xx_hal_tim_ex.o
HAL_TIMEx_HallSensor_Start_DMA                    build/stm32f1xx_hal_tim_ex.o
HAL_TIMEx_HallSensor_Start_IT                     build/stm32f1xx_hal_tim_ex.o
HAL_TIMEx_HallSensor_Stop                         build/stm32f1xx_hal_tim_ex.o
HAL_TIMEx_HallSensor_Stop_DMA                     build/stm32f1xx_hal_tim_ex.o
HAL_TIMEx_HallSensor_Stop_IT                      build/stm32f1xx_hal_tim_ex.o
HAL_TIMEx_MasterConfigSynchronization             build/stm32f1xx_hal_tim_ex.o
                                                  build/tim.o
HAL_TIMEx_OCN_Start                               build/stm32f1xx_hal_tim_ex.o
HAL_TIMEx_OCN_Start_DMA                           build/stm32f1xx_hal_tim_ex.o
HAL_TIMEx_OCN_Start_IT                            build/stm32f1xx_hal_tim_ex.o
HAL_TIMEx_OCN_Stop                                build/stm32f1xx_hal_tim_ex.o
HAL_TIMEx_OCN_Stop_DMA                            build/stm32f1xx_hal_tim_ex.o
HAL_TIMEx_OCN_Stop_IT                             build/stm32f1xx_hal_tim_ex.o
HAL_TIMEx_OnePulseN_Start                         build/stm32f1xx_hal_tim_ex.o
HAL_TIMEx_OnePulseN_Start_IT                      build/stm32f1xx_hal_tim_ex.o
HAL_TIMEx_OnePulseN_Stop                          build/stm32f1xx_hal_tim_ex.o
HAL_TIMEx_OnePulseN_Stop_IT                       build/stm32f1xx_hal_tim_ex.o
HAL_TIMEx_PWMN_Start                              build/stm32f1xx_hal_tim_ex.o
HAL_TIMEx_PWMN_Start_DMA                          build/stm32f1xx_hal_tim_ex.o
HAL_TIMEx_PWMN_Start_IT                           build/stm32f1xx_hal_tim_ex.o
HAL_TIMEx_PWMN_Stop                               build/stm32f1xx_hal_tim_ex.o
HAL_TIMEx_PWMN_Stop_DMA                           build/stm32f1xx_hal_tim_ex.o
HAL_TIMEx_PWMN_Stop_IT                            build/stm32f1xx_hal_tim_ex.o
HAL_TIMEx_RemapConfig                             build/stm32f1xx_hal_tim_ex.o
HAL_TIM_Base_DeInit                               build/stm32f1xx_hal_tim.o
HAL_TIM_Base_GetState                             build/stm32f1xx_hal_tim.o
HAL_TIM_Base_Init                                 build/stm32f1xx_hal_tim.o
                                                  build/tim.o
HAL_TIM_Base_MspDeInit                            build/tim.o
HAL_TIM_Base_MspInit                              build/tim.o
HAL_TIM_Base_Start                                build/stm32f1xx_hal_tim.o
HAL_TIM_Base_Start_DMA                            build/stm32f1xx_hal_tim.o
HAL_TIM_Base_Start_IT                             build/stm32f1xx_hal_tim.o
HAL_TIM_Base_Stop                                 build/stm32f1xx_hal_tim.o
HAL_TIM_Base_Stop_DMA                             build/stm32f1xx_hal_tim.o
HAL_TIM_Base_Stop_IT                              build/stm32f1xx_hal_tim.o
HAL_TIM_ConfigClockSource                         build/stm32f1xx_hal_tim.o
                                                  build/tim.o
HAL_TIM_ConfigOCrefClear                          build/stm32f1xx_hal_tim.o
HAL_TIM_ConfigTI1Input                            build/stm32f1xx_hal_tim.o
HAL_TIM_DMABurstState                             build/stm32f1xx_hal_tim.o
HAL_TIM_DMABurst_MultiReadStart                   build/stm32f1xx_hal_tim.o
HAL_TIM_DMABurst_MultiWriteStart                  build/stm32f1xx_hal_tim.o
HAL_TIM_DMABurst_ReadStart                        build/stm32f1xx_hal_tim.o
HAL_TIM_DMABurst_ReadStop                         build/stm32f1xx_hal_tim.o
HAL_TIM_DMABurst_WriteStart                       build/stm32f1xx_hal_tim.o
HAL_TIM_DMABurst_WriteStop                        build/stm32f1xx_hal_tim.o
HAL_TIM_Encoder_DeInit                            build/stm32f1xx_hal_tim.o
HAL_TIM_Encoder_GetState                          build/stm32f1xx_hal_tim.o
HAL_TIM_Encoder_Init                              build/stm32f1xx_hal_tim.o
HAL_TIM_Encoder_MspDeInit                         build/stm32f1xx_hal_tim.o
HAL_TIM_Encoder_MspInit                           build/stm32f1xx_hal_tim.o
HAL_TIM_Encoder_Start                             build/stm32f1xx_hal_tim.o
HAL_TIM_Encoder_Start_DMA                         build/stm32f1xx_hal_tim.o
HAL_TIM_Encoder_Start_IT                          build/stm32f1xx_hal_tim.o
HAL_TIM_Encoder_Stop                              build/stm32f1xx_hal_tim.o
HAL_TIM_Encoder_Stop_DMA                          build/stm32f1xx_hal_tim.o
HAL_TIM_Encoder_Stop_IT                           build/stm32f1xx_hal_tim.o
HAL_TIM_ErrorCallback                             build/stm32f1xx_hal_tim.o
                                                  build/stm32f1xx_hal_tim_ex.o
HAL_TIM_GenerateEvent                             build/stm32f1xx_hal_tim.o
HAL_TIM_GetActiveChannel                          build/stm32f1xx_hal_tim.o
HAL_TIM_GetChannelState                           build/stm32f1xx_hal_tim.o
HAL_TIM_IC_CaptureCallback                        build/stm32f1xx_hal_tim.o
HAL_TIM_IC_CaptureHalfCpltCallback                build/stm32f1xx_hal_tim.o
HAL_TIM_IC_ConfigChannel                          build/stm32f1xx_hal_tim.o
HAL_TIM_IC_DeInit                                 build/stm32f1xx_hal_tim.o
HAL_TIM_IC_GetState                               build/stm32f1xx_hal_tim.o
HAL_TIM_IC_Init                                   build/stm32f1xx_hal_tim.o
HAL_TIM_IC_MspDeInit                              build/stm32f1xx_hal_tim.o
HAL_TIM_IC_MspInit                                build/stm32f1xx_hal_tim.o
HAL_TIM_IC_Start                                  build/stm32f1xx_hal_tim.o
HAL_TIM_IC_Start_DMA                              build/stm32f1xx_hal_tim.o
HAL_TIM_IC_Start_IT                               build/stm32f1xx_hal_tim.o
HAL_TIM_IC_Stop                                   build/stm32f1xx_hal_tim.o
HAL_TIM_IC_Stop_DMA                               build/stm32f1xx_hal_tim.o
HAL_TIM_IC_Stop_IT                                build/stm32f1xx_hal_tim.o
HAL_TIM_IRQHandler                                build/stm32f1xx_hal_tim.o
                                                  build/stm32f1xx_it.o
HAL_TIM_MspPostInit                               build/tim.o
HAL_TIM_OC_ConfigChannel                          build/stm32f1xx_hal_tim.o
HAL_TIM_OC_DeInit                                 build/stm32f1xx_hal_tim.o
HAL_TIM_OC_DelayElapsedCallback                   build/stm32f1xx_hal_tim.o
HAL_TIM_OC_GetState                               build/stm32f1xx_hal_tim.o
HAL_TIM_OC_Init                                   build/stm32f1xx_hal_tim.o
HAL_TIM_OC_MspDeInit                              build/stm32f1xx_hal_tim.o
HAL_TIM_OC_MspInit                                build/stm32f1xx_hal_tim.o
HAL_TIM_OC_Start                                  build/stm32f1xx_hal_tim.o
HAL_TIM_OC_Start_DMA                              build/stm32f1xx_hal_tim.o
HAL_TIM_OC_Start_IT                               build/stm32f1xx_hal_tim.o
HAL_TIM_OC_Stop                                   build/stm32f1xx_hal_tim.o
HAL_TIM_OC_Stop_DMA                               build/stm32f1xx_hal_tim.o
HAL_TIM_OC_Stop_IT                                build/stm32f1xx_hal_tim.o
HAL_TIM_OnePulse_ConfigChannel                    build/stm32f1xx_hal_tim.o
HAL_TIM_OnePulse_DeInit                           build/stm32f1xx_hal_tim.o
HAL_TIM_OnePulse_GetState                         build/stm32f1xx_hal_tim.o
HAL_TIM_OnePulse_Init                             build/stm32f1xx_hal_tim.o
HAL_TIM_OnePulse_MspDeInit                        build/stm32f1xx_hal_tim.o
HAL_TIM_OnePulse_MspInit                          build/stm32f1xx_hal_tim.o
HAL_TIM_OnePulse_Start                            build/stm32f1xx_hal_tim.o
HAL_TIM_OnePulse_Start_IT                         build/stm32f1xx_hal_tim.o
HAL_TIM_OnePulse_Stop                             build/stm32f1xx_hal_tim.o
HAL_TIM_OnePulse_Stop_IT                          build/stm32f1xx_hal_tim.o
HAL_TIM_PWM_ConfigChannel                         build/stm32f1xx_hal_tim.o
                                                  build/tim.o
HAL_TIM_PWM_DeInit                                build/stm32f1xx_hal_tim.o
HAL_TIM_PWM_GetState                              build/stm32f1xx_hal_tim.o
HAL_TIM_PWM_Init                                  build/stm32f1xx_hal_tim.o
                                                  build/tim.o
HAL_TIM_PWM_MspDeInit                             build/stm32f1xx_hal_tim.o
HAL_TIM_PWM_MspInit                               build/stm32f1xx_hal_tim.o
HAL_TIM_PWM_PulseFinishedCallback                 build/stm32f1xx_hal_tim.o
                                                  build/stm32f1xx_hal_tim_ex.o
HAL_TIM_PWM_PulseFinishedHalfCpltCallback         build/stm32f1xx_hal_tim.o
HAL_TIM_PWM_Start                                 build/stm32f1xx_hal_tim.o
                                                  build/main.o
HAL_TIM_PWM_Start_DMA                             build/stm32f1xx_hal_tim.o
HAL_TIM_PWM_Start_IT                              build/stm32f1xx_hal_tim.o
HAL_TIM_PWM_Stop                                  build/stm32f1xx_hal_tim.o
HAL_TIM_PWM_Stop_DMA                              build/stm32f1xx_hal_tim.o
HAL_TIM_PWM_Stop_IT                               build/stm32f1xx_hal_tim.o
HAL_TIM_PeriodElapsedCallback                     build/tim.o
HAL_TIM_PeriodElapsedHalfCpltCallback             build/stm32f1xx_hal_tim.o
HAL_TIM_ReadCapturedValue                         build/stm32f1xx_hal_tim.o
HAL_TIM_SlaveConfigSynchro                        build/stm32f1xx_hal_tim.o
HAL_TIM_SlaveConfigSynchro_IT                     build/stm32f1xx_hal_tim.o
HAL_TIM_TriggerCallback                           build/stm32f1xx_hal_tim.o
HAL_TIM_TriggerHalfCpltCallback                   build/stm32f1xx_hal_tim.o
HardFault_Handler                                 build/stm32f1xx_it.o
I2C1_ER_IRQHandler                                build/startup_stm32f103x6.o
I2C1_EV_IRQHandler                                build/startup_stm32f103x6.o
MX_GPIO_Init                                      build/gpio.o
                                                  build/main.o
MX_TIM1_Init                                      build/tim.o
                                                  build/main.o
MX_TIM2_Init                                      build/tim.o
                                                  build/main.o
MX_TIM3_Init                                      build/tim.o
                                                  build/main.o
MemManage_Handler                                 build/stm32f1xx_it.o
NMI_Handler                                       build/stm32f1xx_it.o
PID_Cal                                           build/pid.o
                                                  build/tim.o
PID_Init                                          build/pid.o
                                                  build/main.o
PVD_IRQHandler                                    build/startup_stm32f103x6.o
PendSV_Handler                                    build/stm32f1xx_it.o
RCC_IRQHandler                                    build/startup_stm32f103x6.o
RTC_Alarm_IRQHandler                              build/startup_stm32f103x6.o
RTC_IRQHandler                                    build/startup_stm32f103x6.o
Reset_Handler                                     build/startup_stm32f103x6.o
SEGGER_RTT_AllocDownBuffer                        build/SEGGER_RTT.o
SEGGER_RTT_AllocUpBuffer                          build/SEGGER_RTT.o
SEGGER_RTT_ConfigDownBuffer                       build/SEGGER_RTT.o
SEGGER_RTT_ConfigUpBuffer                         build/SEGGER_RTT.o
SEGGER_RTT_GetAvailWriteSpace                     build/SEGGER_RTT.o
SEGGER_RTT_GetBytesInBuffer                       build/SEGGER_RTT.o
SEGGER_RTT_GetKey                                 build/SEGGER_RTT.o
SEGGER_RTT_HasData                                build/SEGGER_RTT.o
SEGGER_RTT_HasDataUp                              build/SEGGER_RTT.o
SEGGER_RTT_HasKey                                 build/SEGGER_RTT.o
SEGGER_RTT_Init                                   build/SEGGER_RTT.o
SEGGER_RTT_PutChar                                build/SEGGER_RTT.o
SEGGER_RTT_PutCharSkip                            build/SEGGER_RTT.o
SEGGER_RTT_PutCharSkipNoLock                      build/SEGGER_RTT.o
SEGGER_RTT_Read                                   build/SEGGER_RTT.o
SEGGER_RTT_ReadNoLock                             build/SEGGER_RTT.o
SEGGER_RTT_ReadUpBuffer                           build/SEGGER_RTT.o
SEGGER_RTT_ReadUpBufferNoLock                     build/SEGGER_RTT.o
SEGGER_RTT_SetFlagsDownBuffer                     build/SEGGER_RTT.o
SEGGER_RTT_SetFlagsUpBuffer                       build/SEGGER_RTT.o
SEGGER_RTT_SetNameDownBuffer                      build/SEGGER_RTT.o
SEGGER_RTT_SetNameUpBuffer                        build/SEGGER_RTT.o
SEGGER_RTT_SetTerminal                            build/SEGGER_RTT.o
SEGGER_RTT_TerminalOut                            build/SEGGER_RTT.o
SEGGER_RTT_WaitKey                                build/SEGGER_RTT.o
SEGGER_RTT_Write                                  build/SEGGER_RTT.o
                                                  build/SEGGER_RTT_printf.o
SEGGER_RTT_WriteDownBuffer                        build/SEGGER_RTT.o
SEGGER_RTT_WriteDownBufferNoLock                  build/SEGGER_RTT.o
SEGGER_RTT_WriteNoLock                            build/SEGGER_RTT.o
SEGGER_RTT_WriteString                            build/SEGGER_RTT.o
SEGGER_RTT_WriteWithOverwriteNoLock               build/SEGGER_RTT.o
SEGGER_RTT_printf                                 build/SEGGER_RTT_printf.o
SEGGER_RTT_vprintf                                build/SEGGER_RTT_printf.o
SPI1_IRQHandler                                   build/startup_stm32f103x6.o
SVC_Handler                                       build/stm32f1xx_it.o
SysTick_Handler                                   build/stm32f1xx_it.o
SystemClock_Config                                build/main.o
SystemCoreClock                                   build/system_stm32f1xx.o
                                                  build/stm32f1xx_hal_rcc.o
                                                  build/stm32f1xx_hal.o
SystemCoreClockUpdate                             build/system_stm32f1xx.o
SystemInit                                        build/system_stm32f1xx.o
                                                  build/startup_stm32f103x6.o
TAMPER_IRQHandler                                 build/startup_stm32f103x6.o
TIM1_BRK_IRQHandler                               build/startup_stm32f103x6.o
TIM1_CC_IRQHandler                                build/startup_stm32f103x6.o
TIM1_TRG_COM_IRQHandler                           build/startup_stm32f103x6.o
TIM1_UP_IRQHandler                                build/startup_stm32f103x6.o
TIM2_IRQHandler                                   build/startup_stm32f103x6.o
TIM3_IRQHandler                                   build/stm32f1xx_it.o
TIMEx_DMACommutationCplt                          build/stm32f1xx_hal_tim_ex.o
                                                  build/stm32f1xx_hal_tim.o
TIMEx_DMACommutationHalfCplt                      build/stm32f1xx_hal_tim_ex.o
                                                  build/stm32f1xx_hal_tim.o
TIM_Base_SetConfig                                build/stm32f1xx_hal_tim.o
                                                  build/stm32f1xx_hal_tim_ex.o
TIM_CCxChannelCmd                                 build/stm32f1xx_hal_tim.o
                                                  build/stm32f1xx_hal_tim_ex.o
TIM_DMACaptureCplt                                build/stm32f1xx_hal_tim.o
                                                  build/stm32f1xx_hal_tim_ex.o
TIM_DMACaptureHalfCplt                            build/stm32f1xx_hal_tim.o
                                                  build/stm32f1xx_hal_tim_ex.o
TIM_DMADelayPulseHalfCplt                         build/stm32f1xx_hal_tim.o
                                                  build/stm32f1xx_hal_tim_ex.o
TIM_DMAError                                      build/stm32f1xx_hal_tim.o
                                                  build/stm32f1xx_hal_tim_ex.o
TIM_ETR_SetConfig                                 build/stm32f1xx_hal_tim.o
TIM_OC2_SetConfig                                 build/stm32f1xx_hal_tim.o
                                                  build/stm32f1xx_hal_tim_ex.o
TIM_TI1_SetConfig                                 build/stm32f1xx_hal_tim.o
                                                  build/stm32f1xx_hal_tim_ex.o
USART1_IRQHandler                                 build/startup_stm32f103x6.o
USART2_IRQHandler                                 build/startup_stm32f103x6.o
USBWakeUp_IRQHandler                              build/startup_stm32f103x6.o
USB_HP_CAN1_TX_IRQHandler                         build/startup_stm32f103x6.o
USB_LP_CAN1_RX0_IRQHandler                        build/startup_stm32f103x6.o
UsageFault_Handler                                build/stm32f1xx_it.o
WWDG_IRQHandler                                   build/startup_stm32f103x6.o
_SEGGER_RTT                                       build/SEGGER_RTT.o
__addsf3                                          e:/devtools/armtoolchain/10 2021.10/bin/../lib/gcc/arm-none-eabi/10.3.1/thumb/v7-m/nofp\libgcc.a(_arm_addsubsf3.o)
__aeabi_cfcmpeq                                   e:/devtools/armtoolchain/10 2021.10/bin/../lib/gcc/arm-none-eabi/10.3.1/thumb/v7-m/nofp\libgcc.a(_arm_cmpsf2.o)
__aeabi_cfcmple                                   e:/devtools/armtoolchain/10 2021.10/bin/../lib/gcc/arm-none-eabi/10.3.1/thumb/v7-m/nofp\libgcc.a(_arm_cmpsf2.o)
__aeabi_cfrcmple                                  e:/devtools/armtoolchain/10 2021.10/bin/../lib/gcc/arm-none-eabi/10.3.1/thumb/v7-m/nofp\libgcc.a(_arm_cmpsf2.o)
__aeabi_f2iz                                      e:/devtools/armtoolchain/10 2021.10/bin/../lib/gcc/arm-none-eabi/10.3.1/thumb/v7-m/nofp\libgcc.a(_arm_fixsfsi.o)
                                                  build/tim.o
__aeabi_fadd                                      e:/devtools/armtoolchain/10 2021.10/bin/../lib/gcc/arm-none-eabi/10.3.1/thumb/v7-m/nofp\libgcc.a(_arm_addsubsf3.o)
                                                  build/pid.o
__aeabi_fcmpeq                                    e:/devtools/armtoolchain/10 2021.10/bin/../lib/gcc/arm-none-eabi/10.3.1/thumb/v7-m/nofp\libgcc.a(_arm_cmpsf2.o)
__aeabi_fcmpge                                    e:/devtools/armtoolchain/10 2021.10/bin/../lib/gcc/arm-none-eabi/10.3.1/thumb/v7-m/nofp\libgcc.a(_arm_cmpsf2.o)
__aeabi_fcmpgt                                    e:/devtools/armtoolchain/10 2021.10/bin/../lib/gcc/arm-none-eabi/10.3.1/thumb/v7-m/nofp\libgcc.a(_arm_cmpsf2.o)
                                                  build/pid.o
__aeabi_fcmple                                    e:/devtools/armtoolchain/10 2021.10/bin/../lib/gcc/arm-none-eabi/10.3.1/thumb/v7-m/nofp\libgcc.a(_arm_cmpsf2.o)
__aeabi_fcmplt                                    e:/devtools/armtoolchain/10 2021.10/bin/../lib/gcc/arm-none-eabi/10.3.1/thumb/v7-m/nofp\libgcc.a(_arm_cmpsf2.o)
                                                  build/pid.o
__aeabi_fmul                                      e:/devtools/armtoolchain/10 2021.10/bin/../lib/gcc/arm-none-eabi/10.3.1/thumb/v7-m/nofp\libgcc.a(_arm_mulsf3.o)
                                                  build/pid.o
__aeabi_frsub                                     e:/devtools/armtoolchain/10 2021.10/bin/../lib/gcc/arm-none-eabi/10.3.1/thumb/v7-m/nofp\libgcc.a(_arm_addsubsf3.o)
__aeabi_fsub                                      e:/devtools/armtoolchain/10 2021.10/bin/../lib/gcc/arm-none-eabi/10.3.1/thumb/v7-m/nofp\libgcc.a(_arm_addsubsf3.o)
                                                  build/pid.o
__aeabi_i2f                                       e:/devtools/armtoolchain/10 2021.10/bin/../lib/gcc/arm-none-eabi/10.3.1/thumb/v7-m/nofp\libgcc.a(_arm_addsubsf3.o)
__aeabi_l2f                                       e:/devtools/armtoolchain/10 2021.10/bin/../lib/gcc/arm-none-eabi/10.3.1/thumb/v7-m/nofp\libgcc.a(_arm_addsubsf3.o)
__aeabi_ui2f                                      e:/devtools/armtoolchain/10 2021.10/bin/../lib/gcc/arm-none-eabi/10.3.1/thumb/v7-m/nofp\libgcc.a(_arm_addsubsf3.o)
                                                  build/tim.o
__aeabi_ul2f                                      e:/devtools/armtoolchain/10 2021.10/bin/../lib/gcc/arm-none-eabi/10.3.1/thumb/v7-m/nofp\libgcc.a(_arm_addsubsf3.o)
__bss_end__                                       e:/devtools/armtoolchain/10 2021.10/bin/../lib/gcc/arm-none-eabi/10.3.1/../../../../arm-none-eabi/lib/thumb/v7-m/nofp/crt0.o
__bss_start__                                     e:/devtools/armtoolchain/10 2021.10/bin/../lib/gcc/arm-none-eabi/10.3.1/../../../../arm-none-eabi/lib/thumb/v7-m/nofp/crt0.o
__call_exitprocs                                  e:/devtools/armtoolchain/10 2021.10/bin/../lib/gcc/arm-none-eabi/10.3.1/../../../../arm-none-eabi/lib/thumb/v7-m/nofp\libc_nano.a(lib_a-exit.o)
__cmpsf2                                          e:/devtools/armtoolchain/10 2021.10/bin/../lib/gcc/arm-none-eabi/10.3.1/thumb/v7-m/nofp\libgcc.a(_arm_cmpsf2.o)
__deregister_frame_info                           e:/devtools/armtoolchain/10 2021.10/bin/../lib/gcc/arm-none-eabi/10.3.1/thumb/v7-m/nofp/crtbegin.o
__dso_handle                                      e:/devtools/armtoolchain/10 2021.10/bin/../lib/gcc/arm-none-eabi/10.3.1/thumb/v7-m/nofp/crtbegin.o
__eqsf2                                           e:/devtools/armtoolchain/10 2021.10/bin/../lib/gcc/arm-none-eabi/10.3.1/thumb/v7-m/nofp\libgcc.a(_arm_cmpsf2.o)
__fixsfsi                                         e:/devtools/armtoolchain/10 2021.10/bin/../lib/gcc/arm-none-eabi/10.3.1/thumb/v7-m/nofp\libgcc.a(_arm_fixsfsi.o)
__floatdisf                                       e:/devtools/armtoolchain/10 2021.10/bin/../lib/gcc/arm-none-eabi/10.3.1/thumb/v7-m/nofp\libgcc.a(_arm_addsubsf3.o)
__floatsisf                                       e:/devtools/armtoolchain/10 2021.10/bin/../lib/gcc/arm-none-eabi/10.3.1/thumb/v7-m/nofp\libgcc.a(_arm_addsubsf3.o)
__floatundisf                                     e:/devtools/armtoolchain/10 2021.10/bin/../lib/gcc/arm-none-eabi/10.3.1/thumb/v7-m/nofp\libgcc.a(_arm_addsubsf3.o)
__floatunsisf                                     e:/devtools/armtoolchain/10 2021.10/bin/../lib/gcc/arm-none-eabi/10.3.1/thumb/v7-m/nofp\libgcc.a(_arm_addsubsf3.o)
__gesf2                                           e:/devtools/armtoolchain/10 2021.10/bin/../lib/gcc/arm-none-eabi/10.3.1/thumb/v7-m/nofp\libgcc.a(_arm_cmpsf2.o)
__gtsf2                                           e:/devtools/armtoolchain/10 2021.10/bin/../lib/gcc/arm-none-eabi/10.3.1/thumb/v7-m/nofp\libgcc.a(_arm_cmpsf2.o)
__init_array_end                                  e:/devtools/armtoolchain/10 2021.10/bin/../lib/gcc/arm-none-eabi/10.3.1/../../../../arm-none-eabi/lib/thumb/v7-m/nofp\libc_nano.a(lib_a-init.o)
__init_array_start                                e:/devtools/armtoolchain/10 2021.10/bin/../lib/gcc/arm-none-eabi/10.3.1/../../../../arm-none-eabi/lib/thumb/v7-m/nofp\libc_nano.a(lib_a-init.o)
__lesf2                                           e:/devtools/armtoolchain/10 2021.10/bin/../lib/gcc/arm-none-eabi/10.3.1/thumb/v7-m/nofp\libgcc.a(_arm_cmpsf2.o)
__libc_fini_array                                 e:/devtools/armtoolchain/10 2021.10/bin/../lib/gcc/arm-none-eabi/10.3.1/../../../../arm-none-eabi/lib/thumb/v7-m/nofp/crt0.o
__libc_init_array                                 e:/devtools/armtoolchain/10 2021.10/bin/../lib/gcc/arm-none-eabi/10.3.1/../../../../arm-none-eabi/lib/thumb/v7-m/nofp\libc_nano.a(lib_a-init.o)
                                                  build/startup_stm32f103x6.o
                                                  e:/devtools/armtoolchain/10 2021.10/bin/../lib/gcc/arm-none-eabi/10.3.1/../../../../arm-none-eabi/lib/thumb/v7-m/nofp/crt0.o
__ltsf2                                           e:/devtools/armtoolchain/10 2021.10/bin/../lib/gcc/arm-none-eabi/10.3.1/thumb/v7-m/nofp\libgcc.a(_arm_cmpsf2.o)
__mulsf3                                          e:/devtools/armtoolchain/10 2021.10/bin/../lib/gcc/arm-none-eabi/10.3.1/thumb/v7-m/nofp\libgcc.a(_arm_mulsf3.o)
__nesf2                                           e:/devtools/armtoolchain/10 2021.10/bin/../lib/gcc/arm-none-eabi/10.3.1/thumb/v7-m/nofp\libgcc.a(_arm_cmpsf2.o)
__preinit_array_end                               e:/devtools/armtoolchain/10 2021.10/bin/../lib/gcc/arm-none-eabi/10.3.1/../../../../arm-none-eabi/lib/thumb/v7-m/nofp\libc_nano.a(lib_a-init.o)
__preinit_array_start                             e:/devtools/armtoolchain/10 2021.10/bin/../lib/gcc/arm-none-eabi/10.3.1/../../../../arm-none-eabi/lib/thumb/v7-m/nofp\libc_nano.a(lib_a-init.o)
__register_frame_info                             e:/devtools/armtoolchain/10 2021.10/bin/../lib/gcc/arm-none-eabi/10.3.1/thumb/v7-m/nofp/crtbegin.o
__sf_fake_stderr                                  e:/devtools/armtoolchain/10 2021.10/bin/../lib/gcc/arm-none-eabi/10.3.1/../../../../arm-none-eabi/lib/thumb/v7-m/nofp\libc_nano.a(lib_a-impure.o)
__sf_fake_stdin                                   e:/devtools/armtoolchain/10 2021.10/bin/../lib/gcc/arm-none-eabi/10.3.1/../../../../arm-none-eabi/lib/thumb/v7-m/nofp\libc_nano.a(lib_a-impure.o)
__sf_fake_stdout                                  e:/devtools/armtoolchain/10 2021.10/bin/../lib/gcc/arm-none-eabi/10.3.1/../../../../arm-none-eabi/lib/thumb/v7-m/nofp\libc_nano.a(lib_a-impure.o)
__stack                                           e:/devtools/armtoolchain/10 2021.10/bin/../lib/gcc/arm-none-eabi/10.3.1/../../../../arm-none-eabi/lib/thumb/v7-m/nofp/crt0.o
__subsf3                                          e:/devtools/armtoolchain/10 2021.10/bin/../lib/gcc/arm-none-eabi/10.3.1/thumb/v7-m/nofp\libgcc.a(_arm_addsubsf3.o)
_ebss                                             build/startup_stm32f103x6.o
_edata                                            build/startup_stm32f103x6.o
_estack                                           build/startup_stm32f103x6.o
_exit                                             e:/devtools/armtoolchain/10 2021.10/bin/../lib/gcc/arm-none-eabi/10.3.1/../../../../arm-none-eabi/lib/thumb/v7-m/nofp\libnosys.a(_exit.o)
                                                  e:/devtools/armtoolchain/10 2021.10/bin/../lib/gcc/arm-none-eabi/10.3.1/../../../../arm-none-eabi/lib/thumb/v7-m/nofp\libc_nano.a(lib_a-exit.o)
_fini                                             e:/devtools/armtoolchain/10 2021.10/bin/../lib/gcc/arm-none-eabi/10.3.1/thumb/v7-m/nofp/crti.o
_global_impure_ptr                                e:/devtools/armtoolchain/10 2021.10/bin/../lib/gcc/arm-none-eabi/10.3.1/../../../../arm-none-eabi/lib/thumb/v7-m/nofp\libc_nano.a(lib_a-impure.o)
                                                  e:/devtools/armtoolchain/10 2021.10/bin/../lib/gcc/arm-none-eabi/10.3.1/../../../../arm-none-eabi/lib/thumb/v7-m/nofp\libc_nano.a(lib_a-exit.o)
_impure_ptr                                       e:/devtools/armtoolchain/10 2021.10/bin/../lib/gcc/arm-none-eabi/10.3.1/../../../../arm-none-eabi/lib/thumb/v7-m/nofp\libc_nano.a(lib_a-impure.o)
_init                                             e:/devtools/armtoolchain/10 2021.10/bin/../lib/gcc/arm-none-eabi/10.3.1/thumb/v7-m/nofp/crti.o
                                                  e:/devtools/armtoolchain/10 2021.10/bin/../lib/gcc/arm-none-eabi/10.3.1/../../../../arm-none-eabi/lib/thumb/v7-m/nofp\libc_nano.a(lib_a-init.o)
_mainCRTStartup                                   e:/devtools/armtoolchain/10 2021.10/bin/../lib/gcc/arm-none-eabi/10.3.1/../../../../arm-none-eabi/lib/thumb/v7-m/nofp/crt0.o
_sbss                                             build/startup_stm32f103x6.o
_sdata                                            build/startup_stm32f103x6.o
_sidata                                           build/startup_stm32f103x6.o
_stack_init                                       e:/devtools/armtoolchain/10 2021.10/bin/../lib/gcc/arm-none-eabi/10.3.1/../../../../arm-none-eabi/lib/thumb/v7-m/nofp/crt0.o
_start                                            e:/devtools/armtoolchain/10 2021.10/bin/../lib/gcc/arm-none-eabi/10.3.1/../../../../arm-none-eabi/lib/thumb/v7-m/nofp/crt0.o
atexit                                            e:/devtools/armtoolchain/10 2021.10/bin/../lib/gcc/arm-none-eabi/10.3.1/../../../../arm-none-eabi/lib/thumb/v7-m/nofp/crt0.o
encoder_cnt                                       build/tim.o
encoder_dir                                       build/tim.o
encoder_overload_cnt                              build/stm32f1xx_it.o
exit                                              e:/devtools/armtoolchain/10 2021.10/bin/../lib/gcc/arm-none-eabi/10.3.1/../../../../arm-none-eabi/lib/thumb/v7-m/nofp\libc_nano.a(lib_a-exit.o)
                                                  e:/devtools/armtoolchain/10 2021.10/bin/../lib/gcc/arm-none-eabi/10.3.1/../../../../arm-none-eabi/lib/thumb/v7-m/nofp/crt0.o
g_pfnVectors                                      build/startup_stm32f103x6.o
hardware_init_hook                                e:/devtools/armtoolchain/10 2021.10/bin/../lib/gcc/arm-none-eabi/10.3.1/../../../../arm-none-eabi/lib/thumb/v7-m/nofp/crt0.o
htim1                                             build/tim.o
                                                  build/main.o
htim2                                             build/tim.o
htim3                                             build/tim.o
                                                  build/stm32f1xx_it.o
main                                              build/main.o
                                                  build/startup_stm32f103x6.o
                                                  e:/devtools/armtoolchain/10 2021.10/bin/../lib/gcc/arm-none-eabi/10.3.1/../../../../arm-none-eabi/lib/thumb/v7-m/nofp/crt0.o
memcpy                                            e:/devtools/armtoolchain/10 2021.10/bin/../lib/gcc/arm-none-eabi/10.3.1/../../../../arm-none-eabi/lib/thumb/v7-m/nofp\libc_nano.a(lib_a-memcpy-stub.o)
                                                  build/SEGGER_RTT.o
memset                                            e:/devtools/armtoolchain/10 2021.10/bin/../lib/gcc/arm-none-eabi/10.3.1/../../../../arm-none-eabi/lib/thumb/v7-m/nofp\libc_nano.a(lib_a-memset.o)
                                                  build/SEGGER_RTT.o
                                                  build/tim.o
                                                  build/main.o
                                                  e:/devtools/armtoolchain/10 2021.10/bin/../lib/gcc/arm-none-eabi/10.3.1/../../../../arm-none-eabi/lib/thumb/v7-m/nofp/crt0.o
motor_pulse                                       build/tim.o
pFlash                                            build/stm32f1xx_hal_flash.o
                                                  build/stm32f1xx_hal_flash_ex.o
software_init_hook                                e:/devtools/armtoolchain/10 2021.10/bin/../lib/gcc/arm-none-eabi/10.3.1/../../../../arm-none-eabi/lib/thumb/v7-m/nofp/crt0.o
speed_pid                                         build/pid.o
                                                  build/tim.o
                                                  build/main.o
strlen                                            e:/devtools/armtoolchain/10 2021.10/bin/../lib/gcc/arm-none-eabi/10.3.1/../../../../arm-none-eabi/lib/thumb/v7-m/nofp\libc_nano.a(lib_a-strlen.o)
                                                  build/SEGGER_RTT.o
uwTick                                            build/stm32f1xx_hal.o
uwTickFreq                                        build/stm32f1xx_hal.o
uwTickPrio                                        build/stm32f1xx_hal.o
                                                  build/stm32f1xx_hal_rcc.o
